[    0.4s] minimal polynomial ready; A(u) leading coeffs 1 B deg 11
[    0.4s] minpoly at u*: 0.0  check u^12 reduce consistency: 2.79e-47  y^2: 0.0
[    0.4s] field arithmetic ready; testing inverse of y: 0.0
[    0.4s]   chord A: s^2 vs 2-2t: 0.0
[    0.4s]   chord D: s^2 vs 2-2t: 0.0
[    0.4s]   chord N: s^2 vs 2-2t: 2.67e-51
[    0.4s]   chord F: s^2 vs 2-2t: 5.35e-51
[    2.6s] S3 polynomials built
[    3.0s] exact kernel vectors in K (numerators/denominators kept)
[    3.0s]   v_0 ⟂ basis check: 0.0
[    3.0s]   v_1 ⟂ basis check: 4.28e-50
[    3.0s]   v_2 ⟂ basis check: 1.07e-50
[    3.0s]   v_3 ⟂ basis check: 2.14e-50
[    3.1s]   v_4 ⟂ basis check: 3.21e-50
[    3.1s]   v_5 ⟂ basis check: 4.28e-50
[    3.1s] numerical H in exact basis; sizes [(8, 8), (7, 7), (6, 6), (5, 5), (4, 4), (3, 3)]
[    3.1s] unknowns: 119
[    3.2s] row: bound
[    7.6s] rows: pair A
[   10.4s] rows: pair D
[   15.5s] rows: pair N
[   20.5s] rows: pair F
[   29.7s] rows: triangle FFA
[   39.0s] rows: triangle FDN
[   46.8s] rows: triangle FNA
[   51.2s] rows: triangle DAA
[   60.4s] rows: triangle NNA
[   60.4s] total rows: 29
[   60.9s] max |residual| at numerical x0: 1.792e-7
[   61.0s] rows saved (task1_rows.pkl). Next: rank-revealing pivot selection and exact solve (task1_solve.py).
POLY-BASIS system: coefficient heights max 133 median 36 90% 94 ; terms/entry max 72 median 24
