[    0.4s] minimal polynomial ready; A(u) leading coeffs 1 B deg 11
[    0.4s] minpoly at u*: 0.0  check u^12 reduce consistency: 2.79e-47  y^2: 0.0
[    0.4s] field arithmetic ready; testing inverse of y: 0.0
[    0.9s] k=0 column norms ['1.0', '2.109', '1.0', '8.212', '8.008', '16.29', '16.04', '32.44'] scales ['1', '4743/10000', '1', '609/5000', '1249/10000', '6139/100000', '6233/100000', '1541/50000']
[    0.9s] k=1 column norms ['1.0', '1.0', '0.3338', '0.2953', '0.5884', '0.5458', '1.042'] scales ['1', '1', '749/250', '1693/500', '17/10', '229/125', '4799/5000']
[    0.9s] k=2 column norms ['1.0', '0.5887', '0.4445', '0.8798', '0.7497', '1.345'] scales ['1', '1699/1000', '9/4', '1137/1000', '667/500', '1859/2500']
[    0.9s] k=3 column norms ['1.0', '3.0', '6.115', '5.981', '11.95'] scales ['1', '3333/10000', '327/2000', '209/1250', '8371/100000']
[    0.9s] k=4 column norms ['3.536', '5.951', '5.974', '11.89'] scales ['707/2500', '21/125', '837/5000', '8407/100000']
[    0.9s] k=5 column norms ['30.11', '29.86', '59.68'] scales ['3321/100000', '3349/100000', '419/25000']
[    1.0s] rank 24, sv range 7.87e+01 .. 4.46e-03 | 9.7e-16
[    1.0s] rank of the 9 value rows: 9; with the bound row: 9  (expect 9, 9: bound ∈ span(values) incl. constants)
[    1.0s] rank of the 16 derivative rows: 16; values+derivatives: 24 (expect 16, 24: Euler mixes both)
[    1.0s] pivot unknowns: ['H0[0,2]', 'H0[0,6]', 'H0[0,7]', 'H0[1,3]', 'H0[2,4]', 'H0[3,6]', 'H0[5,7]', 'H1[0,0]', 'H1[0,1]', 'H1[0,2]', 'H1[2,3]', 'H2[0,0]', 'H2[0,1]', 'H2[1,2]', 'H2[3,5]', 'H3[0,0]', 'H3[0,1]', 'H3[0,3]', 'H3[1,2]', 'H4[0,0]', 'H4[0,1]', 'H4[0,2]', 'H5[0,0]', 'H5[0,1]']
[    1.0s] selected rows cond 2.180e+05; dropped ['pairA_val', 'triFDN_dv']
[    1.0s] (for comparison, a0/a1/lam allowed: cond 2.67e+05, pivots incl ['a0', 'lam'])
[    1.0s] max residual over ALL 26 rows: 3.549e-34 ; max |p - x0| over pivots: 1.537e-5
[    1.0s] ||I - N M||_inf (double N): 4.58e-12;  ||N||_inf=9.410e+03; ||M||_inf=1.257e+02; max|c|=1.19e+01
[    1.0s] max |p - phat(22 digits)|: 4.0e-22
[    1.0s] H'_0 (scaled basis) eigenvalues: min 0.001421 max 3.2305
[    1.0s] H'_1 (scaled basis) eigenvalues: min 0.0011802 max 22.822
[    1.0s] H'_2 (scaled basis) eigenvalues: min 0.00059193 max 15.344
[    1.0s] H'_3 (scaled basis) eigenvalues: min 0.0014284 max 0.38317
[    1.0s] H'_4 (scaled basis) eigenvalues: min 0.0014147 max 0.4839
[    1.0s] H'_5 (scaled basis) eigenvalues: min 0.0014943 max 0.020623
[    1.0s] bound - E(u*) = 4.4925e-41  a0,a1,lam = 944368722101/1000000000000 2445383048987/10000000000000 97932235147/10000000000000
[    2.8s] pair polynomial min on 1201 pts: 1.5078e-11  at chords: ['-2.11e-17', '7.92e-18', '7.12e-17', '-6.56e-16']
[    8.6s] triangle slack min on 3840 pts: 2.7425e-8
[    8.6s] saved task1_design.json
